Before swapping: a = 3, b = 5
After swapping: a = 5, b = 3
